2026-07-25T12:15:00.202Z: Error
    at Query.run (C:\Users\dell\HRMS-Rs9-group\node_modules\sequelize\lib\dialects\mysql\query.js:52:25)
    at C:\Users\dell\HRMS-Rs9-group\node_modules\sequelize\lib\sequelize.js:315:28
    at process.processTicksAndRejections (node:internal/process/task_queues:103:5)
    at async MySQLQueryInterface.select (C:\Users\dell\HRMS-Rs9-group\node_modules\sequelize\lib\dialects\abstract\query-interface.js:407:12)
    at async EmployeeProfile.findAll (C:\Users\dell\HRMS-Rs9-group\node_modules\sequelize\lib\model.js:1140:21)
    at async EmployeeProfile.findOne (C:\Users\dell\HRMS-Rs9-group\node_modules\sequelize\lib\model.js:1240:12)
    at async GET (webpack-internal:///(rsc)/./app/api/dashboard/stats/route.ts:739:29)
    at async C:\Users\dell\HRMS-Rs9-group\node_modules\next\dist\compiled\next-server\app-route.runtime.dev.js:6:57228
    at async eT.execute (C:\Users\dell\HRMS-Rs9-group\node_modules\next\dist\compiled\next-server\app-route.runtime.dev.js:6:46851)
    at async eT.handle (C:\Users\dell\HRMS-Rs9-group\node_modules\next\dist\compiled\next-server\app-route.runtime.dev.js:6:58760)
    at async doRender (C:\Users\dell\HRMS-Rs9-group\node_modules\next\dist\server\base-server.js:1366:42)
    at async cacheEntry.responseCache.get.routeKind (C:\Users\dell\HRMS-Rs9-group\node_modules\next\dist\server\base-server.js:1588:28)
    at async DevServer.renderToResponseWithComponentsImpl (C:\Users\dell\HRMS-Rs9-group\node_modules\next\dist\server\base-server.js:1496:28)
    at async DevServer.renderPageComponent (C:\Users\dell\HRMS-Rs9-group\node_modules\next\dist\server\base-server.js:1924:24)
    at async DevServer.renderToResponseImpl (C:\Users\dell\HRMS-Rs9-group\node_modules\next\dist\server\base-server.js:1962:32)
    at async DevServer.pipeImpl (C:\Users\dell\HRMS-Rs9-group\node_modules\next\dist\server\base-server.js:922:25)
    at async NextNodeServer.handleCatchallRenderRequest (C:\Users\dell\HRMS-Rs9-group\node_modules\next\dist\server\next-server.js:272:17)
    at async DevServer.handleRequestImpl (C:\Users\dell\HRMS-Rs9-group\node_modules\next\dist\server\base-server.js:818:17)
    at async C:\Users\dell\HRMS-Rs9-group\node_modules\next\dist\server\dev\next-dev-server.js:339:20
    at async Span.traceAsyncFn (C:\Users\dell\HRMS-Rs9-group\node_modules\next\dist\trace\trace.js:154:20)
    at async DevServer.handleRequest (C:\Users\dell\HRMS-Rs9-group\node_modules\next\dist\server\dev\next-dev-server.js:336:24)
    at async invokeRender (C:\Users\dell\HRMS-Rs9-group\node_modules\next\dist\server\lib\router-server.js:179:21)
    at async handleRequest (C:\Users\dell\HRMS-Rs9-group\node_modules\next\dist\server\lib\router-server.js:359:24)
    at async requestHandlerImpl (C:\Users\dell\HRMS-Rs9-group\node_modules\next\dist\server\lib\router-server.js:383:13)
    at async Server.requestListener (C:\Users\dell\HRMS-Rs9-group\node_modules\next\dist\server\lib\start-server.js:141:13)
2026-07-28T10:14:36.741Z: SequelizeConnectionError: Unknown database 'hrmsnew'
    at ConnectionManager.connect (/home/himanshu/Desktop/HRMS-Rs9-group/node_modules/sequelize/lib/dialects/mysql/connection-manager.js:102:17)
    at process.processTicksAndRejections (node:internal/process/task_queues:95:5)
    at async ConnectionManager._connect (/home/himanshu/Desktop/HRMS-Rs9-group/node_modules/sequelize/lib/dialects/abstract/connection-manager.js:222:24)
2026-07-28T10:16:41.485Z: SequelizeConnectionError: Unknown database 'hrmsnew'
    at ConnectionManager.connect (/home/himanshu/Desktop/HRMS-Rs9-group/node_modules/sequelize/lib/dialects/mysql/connection-manager.js:102:17)
    at process.processTicksAndRejections (node:internal/process/task_queues:95:5)
    at async ConnectionManager._connect (/home/himanshu/Desktop/HRMS-Rs9-group/node_modules/sequelize/lib/dialects/abstract/connection-manager.js:222:24)
2026-07-28T10:24:32.437Z: SequelizeConnectionError: Unknown database 'hrmsnew'
    at ConnectionManager.connect (/home/himanshu/Desktop/HRMS-Rs9-group/node_modules/sequelize/lib/dialects/mysql/connection-manager.js:102:17)
    at process.processTicksAndRejections (node:internal/process/task_queues:95:5)
    at async ConnectionManager._connect (/home/himanshu/Desktop/HRMS-Rs9-group/node_modules/sequelize/lib/dialects/abstract/connection-manager.js:222:24)
2026-07-28T13:02:26.344Z: SequelizeConnectionError: connect ETIMEDOUT
    at ConnectionManager.connect (/home/himanshu/Desktop/HRMS-Rs9-group/node_modules/sequelize/lib/dialects/mysql/connection-manager.js:102:17)
    at processTicksAndRejections (node:internal/process/task_queues:95:5)
    at runNextTicks (node:internal/process/task_queues:64:3)
    at listOnTimeout (node:internal/timers:545:9)
    at process.processTimers (node:internal/timers:519:7)
    at async ConnectionManager._connect (/home/himanshu/Desktop/HRMS-Rs9-group/node_modules/sequelize/lib/dialects/abstract/connection-manager.js:222:24)
2026-07-28T13:14:04.009Z: SequelizeConnectionError: connect ETIMEDOUT
    at ConnectionManager.connect (/home/himanshu/Desktop/HRMS-Rs9-group/node_modules/sequelize/lib/dialects/mysql/connection-manager.js:102:17)
    at processTicksAndRejections (node:internal/process/task_queues:95:5)
    at runNextTicks (node:internal/process/task_queues:64:3)
    at process.processTimers (node:internal/timers:516:9)
    at async ConnectionManager._connect (/home/himanshu/Desktop/HRMS-Rs9-group/node_modules/sequelize/lib/dialects/abstract/connection-manager.js:222:24)
